../../Drivers/STM32WBxx_HAL_Driver/Inc/stm32wbxx_ll_system.h:2223:26:LL_FLASH_GetUDN	4	static
../../Drivers/STM32WBxx_HAL_Driver/Inc/stm32wbxx_ll_system.h:2235:26:LL_FLASH_GetDeviceID	4	static
../../Drivers/STM32WBxx_HAL_Driver/Inc/stm32wbxx_ll_system.h:2247:26:LL_FLASH_GetSTCompanyID	4	static
C:/Users/emecc/STM32Cube/Example/BLE_DataThroughput/STM32_WPAN/App/app_ble.c:307:6:APP_BLE_Init	80	static
C:/Users/emecc/STM32Cube/Example/BLE_DataThroughput/STM32_WPAN/App/app_ble.c:472:28:SVCCTL_App_Notification	136	static
C:/Users/emecc/STM32Cube/Example/BLE_DataThroughput/STM32_WPAN/App/app_ble.c:955:22:APP_BLE_Get_Client_Connection_Status	16	static
C:/Users/emecc/STM32Cube/Example/BLE_DataThroughput/STM32_WPAN/App/app_ble.c:961:41:APP_BLE_ComputeCRC8	8	static
C:/Users/emecc/STM32Cube/Example/BLE_DataThroughput/STM32_WPAN/App/app_ble.c:988:6:APP_BLE_Key_Button1_Action	8	static
C:/Users/emecc/STM32Cube/Example/BLE_DataThroughput/STM32_WPAN/App/app_ble.c:1010:6:APP_BLE_Key_Button2_Action	8	static
C:/Users/emecc/STM32Cube/Example/BLE_DataThroughput/STM32_WPAN/App/app_ble.c:1031:6:APP_BLE_Key_Button3_Action	8	static
C:/Users/emecc/STM32Cube/Example/BLE_DataThroughput/STM32_WPAN/App/app_ble.c:1079:13:Ble_Tl_Init	16	static
C:/Users/emecc/STM32Cube/Example/BLE_DataThroughput/STM32_WPAN/App/app_ble.c:1090:14:Ble_Hci_Gap_Gatt_Init	64	static
C:/Users/emecc/STM32Cube/Example/BLE_DataThroughput/STM32_WPAN/App/app_ble.c:1413:13:LinkConfiguration	16	static
C:/Users/emecc/STM32Cube/Example/BLE_DataThroughput/STM32_WPAN/App/app_ble.c:1462:13:Adv_Request	56	static
C:/Users/emecc/STM32Cube/Example/BLE_DataThroughput/STM32_WPAN/App/app_ble.c:1552:13:Adv_Mgr	8	static
C:/Users/emecc/STM32Cube/Example/BLE_DataThroughput/STM32_WPAN/App/app_ble.c:1564:13:Adv_Update	8	static
C:/Users/emecc/STM32Cube/Example/BLE_DataThroughput/STM32_WPAN/App/app_ble.c:1572:16:BleGetBdAddress	32	static
C:/Users/emecc/STM32Cube/Example/BLE_DataThroughput/STM32_WPAN/App/app_ble.c:1734:13:DataThroughput_proc	8	static
C:/Users/emecc/STM32Cube/Example/BLE_DataThroughput/STM32_WPAN/App/app_ble.c:1747:6:hci_notify_asynch_evt	16	static
C:/Users/emecc/STM32Cube/Example/BLE_DataThroughput/STM32_WPAN/App/app_ble.c:1754:6:hci_cmd_resp_release	16	static
C:/Users/emecc/STM32Cube/Example/BLE_DataThroughput/STM32_WPAN/App/app_ble.c:1761:6:hci_cmd_resp_wait	16	static
C:/Users/emecc/STM32Cube/Example/BLE_DataThroughput/STM32_WPAN/App/app_ble.c:1768:13:BLE_UserEvtRx	24	static
C:/Users/emecc/STM32Cube/Example/BLE_DataThroughput/STM32_WPAN/App/app_ble.c:1788:13:BLE_StatusNot	24	static
C:/Users/emecc/STM32Cube/Example/BLE_DataThroughput/STM32_WPAN/App/app_ble.c:1831:6:SVCCTL_ResumeUserEventFlow	8	static
C:/Users/emecc/STM32Cube/Example/BLE_DataThroughput/STM32_WPAN/App/app_ble.c:1840:6:BLE_SVC_L2CAP_Conn_Update_11_25	40	static
C:/Users/emecc/STM32Cube/Example/BLE_DataThroughput/STM32_WPAN/App/app_ble.c:1876:6:BLE_SVC_GAP_Change_PHY	24	static
C:/Users/emecc/STM32Cube/Example/BLE_DataThroughput/STM32_WPAN/App/app_ble.c:1930:6:BLE_SVC_GAP_Security_Req	16	static
C:/Users/emecc/STM32Cube/Example/BLE_DataThroughput/STM32_WPAN/App/app_ble.c:1945:6:BLE_GAP_Pairing_Req	16	static
C:/Users/emecc/STM32Cube/Example/BLE_DataThroughput/STM32_WPAN/App/app_ble.c:1960:6:BLE_SVC_GAP_Clear_DataBase	16	static
C:/Users/emecc/STM32Cube/Example/BLE_DataThroughput/STM32_WPAN/App/app_ble.c:1975:6:SVCCTL_InitCustomSvc	8	static
