C:/Users/emecc/STM32Cube/Example/BLE_DataThroughput/STM32_WPAN/App/dt_client_app.c:285:16:Client_ParseFrame	32	static
C:/Users/emecc/STM32Cube/Example/BLE_DataThroughput/STM32_WPAN/App/dt_client_app.c:310:6:DTC_App_Init	16	static
C:/Users/emecc/STM32Cube/Example/BLE_DataThroughput/STM32_WPAN/App/dt_client_app.c:345:6:DTC_App_KeyButton1Action	8	static
C:/Users/emecc/STM32Cube/Example/BLE_DataThroughput/STM32_WPAN/App/dt_client_app.c:350:6:DTC_App_KeyButton2Action	8	static
C:/Users/emecc/STM32Cube/Example/BLE_DataThroughput/STM32_WPAN/App/dt_client_app.c:355:6:DTC_App_KeyButton3Action	8	static
C:/Users/emecc/STM32Cube/Example/BLE_DataThroughput/STM32_WPAN/App/dt_client_app.c:360:6:DTC_App_LinkReadyNotification	16	static
C:/Users/emecc/STM32Cube/Example/BLE_DataThroughput/STM32_WPAN/App/dt_client_app.c:386:13:WB_Test_I2C_Ping	32	static
C:/Users/emecc/STM32Cube/Example/BLE_DataThroughput/STM32_WPAN/App/dt_client_app.c:409:13:ForwardMetricsToF767	40	static
C:/Users/emecc/STM32Cube/Example/BLE_DataThroughput/STM32_WPAN/App/dt_client_app.c:419:30:DTC_Event_Handler	80	static
C:/Users/emecc/STM32Cube/Example/BLE_DataThroughput/STM32_WPAN/App/dt_client_app.c:656:15:DataThroughput_Calculation	16	static
C:/Users/emecc/STM32Cube/Example/BLE_DataThroughput/STM32_WPAN/App/dt_client_app.c:676:15:DataThroughputTimer	8	static
C:/Users/emecc/STM32Cube/Example/BLE_DataThroughput/STM32_WPAN/App/dt_client_app.c:687:15:GattProcReq	24	static
C:/Users/emecc/STM32Cube/Example/BLE_DataThroughput/STM32_WPAN/App/dt_client_app.c:805:6:DTC_Button1TriggerReceived	8	static
C:/Users/emecc/STM32Cube/Example/BLE_DataThroughput/STM32_WPAN/App/dt_client_app.c:824:6:DTC_Button2TriggerReceived	8	static
C:/Users/emecc/STM32Cube/Example/BLE_DataThroughput/STM32_WPAN/App/dt_client_app.c:831:13:Appli_UpdateButtonState	24	static
C:/Users/emecc/STM32Cube/Example/BLE_DataThroughput/STM32_WPAN/App/dt_client_app.c:880:13:DTC_App_Button1_Trigger_Received	8	static
C:/Users/emecc/STM32Cube/Example/BLE_DataThroughput/STM32_WPAN/App/dt_client_app.c:887:13:DTC_App_Button2_Trigger_Received	8	static
C:/Users/emecc/STM32Cube/Example/BLE_DataThroughput/STM32_WPAN/App/dt_client_app.c:894:13:DTC_App_Button3_Trigger_Received	8	static
C:/Users/emecc/STM32Cube/Example/BLE_DataThroughput/STM32_WPAN/App/dt_client_app.c:901:13:SendData	16	static
C:/Users/emecc/STM32Cube/Example/BLE_DataThroughput/STM32_WPAN/App/dt_client_app.c:937:6:Resume_Write	4	static
