C:/Users/emecc/STM32Cube/Example/BLE_DataThroughput/STM32_WPAN/App/dt_server_app.c:119:6:DTS_App_Init	16	static
C:/Users/emecc/STM32Cube/Example/BLE_DataThroughput/STM32_WPAN/App/dt_server_app.c:144:6:DTS_App_KeyButton1Action	8	static
C:/Users/emecc/STM32Cube/Example/BLE_DataThroughput/STM32_WPAN/App/dt_server_app.c:149:6:DTS_App_KeyButton2Action	8	static
C:/Users/emecc/STM32Cube/Example/BLE_DataThroughput/STM32_WPAN/App/dt_server_app.c:154:6:DTS_App_KeyButton3Action	8	static
C:/Users/emecc/STM32Cube/Example/BLE_DataThroughput/STM32_WPAN/App/dt_server_app.c:159:6:DTS_App_TxPoolAvailableNotification	8	static
C:/Users/emecc/STM32Cube/Example/BLE_DataThroughput/STM32_WPAN/App/dt_server_app.c:172:6:DTS_Notification	16	static
C:/Users/emecc/STM32Cube/Example/BLE_DataThroughput/STM32_WPAN/App/dt_server_app.c:236:13:SendData	32	static
C:/Users/emecc/STM32Cube/Example/BLE_DataThroughput/STM32_WPAN/App/dt_server_app.c:272:6:Resume_Notification	4	static
C:/Users/emecc/STM32Cube/Example/BLE_DataThroughput/STM32_WPAN/App/dt_server_app.c:277:6:DTS_Button1TriggerReceived	8	static
C:/Users/emecc/STM32Cube/Example/BLE_DataThroughput/STM32_WPAN/App/dt_server_app.c:294:6:DTS_Button2TriggerReceived	8	static
C:/Users/emecc/STM32Cube/Example/BLE_DataThroughput/STM32_WPAN/App/dt_server_app.c:301:6:DTS_Button2LongTriggerReceived	8	static
C:/Users/emecc/STM32Cube/Example/BLE_DataThroughput/STM32_WPAN/App/dt_server_app.c:308:13:Appli_UpdateButtonState	24	static
C:/Users/emecc/STM32Cube/Example/BLE_DataThroughput/STM32_WPAN/App/dt_server_app.c:358:13:DTS_App_Button1_Trigger_Received	8	static
C:/Users/emecc/STM32Cube/Example/BLE_DataThroughput/STM32_WPAN/App/dt_server_app.c:365:13:DTS_App_Button2_Trigger_Received	8	static
C:/Users/emecc/STM32Cube/Example/BLE_DataThroughput/STM32_WPAN/App/dt_server_app.c:372:13:DTS_App_Button3_Trigger_Received	8	static
C:/Users/emecc/STM32Cube/Example/BLE_DataThroughput/STM32_WPAN/App/dt_server_app.c:379:13:BLE_App_Delay_DataThroughput	4	static
