18:53:46 **** Incremental Build of configuration Debug for project BTModule ****
make -j12 all 
arm-none-eabi-gcc "../Core/Src/main.c" -mcpu=cortex-m4 -std=gnu11 -g3 -DDEBUG -DUSE_HAL_DRIVER -DSTM32WB55xx -c -I../Core/Inc -I../Drivers/STM32WBxx_HAL_Driver/Inc -I../Drivers/STM32WBxx_HAL_Driver/Inc/Legacy -I../Drivers/CMSIS/Device/ST/STM32WBxx/Include -I../Drivers/CMSIS/Include -O0 -ffunction-sections -fdata-sections -Wall -fstack-usage -fcyclomatic-complexity -MMD -MP -MF"Core/Src/main.d" -MT"Core/Src/main.o" --specs=nano.specs -mfpu=fpv4-sp-d16 -mfloat-abi=hard -mthumb -o "Core/Src/main.o"
arm-none-eabi-gcc -o "BTModule.elf" @"objects.list"   -mcpu=cortex-m4 -T"C:\Users\emecc\STM32CubeIDE\ethtest\BTModule\STM32WB55RGVX_FLASH.ld" --specs=nosys.specs -Wl,-Map="BTModule.map" -Wl,--gc-sections -static --specs=nano.specs -mfpu=fpv4-sp-d16 -mfloat-abi=hard -mthumb -Wl,--start-group -lc -lm -Wl,--end-group
Finished building target: BTModule.elf
 
arm-none-eabi-size  BTModule.elf 
arm-none-eabi-objdump -h -S BTModule.elf  > "BTModule.list"
   text	   data	    bss	    dec	    hex	filename
  20252	     12	   1748	  22012	   55fc	BTModule.elf
Finished building: default.size.stdout
 
Finished building: BTModule.list
 

18:53:47 Build Finished. 0 errors, 0 warnings. (took 590ms)

