17:58:06 **** Incremental Build of configuration Debug for project LED test ****
make -j12 all 
arm-none-eabi-gcc "../LWIP/Target/ethernetif.c" -mcpu=cortex-m7 -std=gnu11 -g3 -DDEBUG -DUSE_HAL_DRIVER -DSTM32F767xx -c -I../Core/Inc -I../Drivers/STM32F7xx_HAL_Driver/Inc -I../Drivers/STM32F7xx_HAL_Driver/Inc/Legacy -I../Drivers/CMSIS/Device/ST/STM32F7xx/Include -I../Drivers/CMSIS/Include -I../LWIP/App -I../LWIP/Target -I../Middlewares/Third_Party/LwIP/src/include -I../Middlewares/Third_Party/LwIP/system -I../Middlewares/Third_Party/LwIP/src/include/netif/ppp -I../Middlewares/Third_Party/LwIP/src/include/lwip -I../Middlewares/Third_Party/LwIP/src/include/lwip/apps -I../Middlewares/Third_Party/LwIP/src/include/lwip/priv -I../Middlewares/Third_Party/LwIP/src/include/lwip/prot -I../Middlewares/Third_Party/LwIP/src/include/netif -I../Middlewares/Third_Party/LwIP/src/include/compat/posix -I../Middlewares/Third_Party/LwIP/src/include/compat/posix/arpa -I../Middlewares/Third_Party/LwIP/src/include/compat/posix/net -I../Middlewares/Third_Party/LwIP/src/include/compat/posix/sys -I../Middlewares/Third_Party/LwIP/src/include/compat/stdc -I../Middlewares/Third_Party/LwIP/system/arch -O0 -ffunction-sections -fdata-sections -Wall -fstack-usage -fcyclomatic-complexity -MMD -MP -MF"LWIP/Target/ethernetif.d" -MT"LWIP/Target/ethernetif.o" --specs=nano.specs -mfpu=fpv5-d16 -mfloat-abi=hard -mthumb -o "LWIP/Target/ethernetif.o"
arm-none-eabi-gcc -o "LED test.elf" @"objects.list"   -mcpu=cortex-m7 -T"C:\Users\emecc\STM32CubeIDE\workspace_1.19.0\LED test\STM32F767ZITX_FLASH.ld" --specs=nosys.specs -Wl,-Map="LED test.map" -Wl,--gc-sections -static --specs=nano.specs -mfpu=fpv5-d16 -mfloat-abi=hard -mthumb -Wl,--start-group -lc -lm -Wl,--end-group
Finished building target: LED test.elf
 
arm-none-eabi-size  LED\ test.elf 
arm-none-eabi-objdump -h -S LED\ test.elf  > "LED test.list"
   text	   data	    bss	    dec	    hex	filename
  73696	    432	  34832	 108960	  1a9a0	LED test.elf
Finished building: default.size.stdout
 
Finished building: LED test.list
 

17:58:07 Build Finished. 0 errors, 0 warnings. (took 1s.142ms)

