../../Drivers/STM32WBxx_HAL_Driver/Inc/stm32wbxx_ll_pwr.h:1663:22:LL_C2_PWR_SetPowerMode	16	static
../../Drivers/STM32WBxx_HAL_Driver/Inc/stm32wbxx_ll_exti.h:391:22:LL_EXTI_EnableIT_32_63	16	static
../../Drivers/STM32WBxx_HAL_Driver/Inc/stm32wbxx_ll_rcc.h:1359:22:LL_RCC_HSE_SetCapacitorTuning	16	static
../../Drivers/STM32WBxx_HAL_Driver/Inc/stm32wbxx_ll_rcc.h:2349:22:LL_RCC_SetClkAfterWakeFromStop	16	static
../../Drivers/STM32WBxx_HAL_Driver/Inc/stm32wbxx_ll_rcc.h:2913:22:LL_RCC_ForceBackupDomainReset	4	static
../../Drivers/STM32WBxx_HAL_Driver/Inc/stm32wbxx_ll_rcc.h:2923:22:LL_RCC_ReleaseBackupDomainReset	4	static
../../Drivers/STM32WBxx_HAL_Driver/Inc/stm32wbxx_ll_rcc.h:4138:26:LL_RCC_IsActiveFlag_PINRST	4	static
../../Drivers/STM32WBxx_HAL_Driver/Inc/stm32wbxx_ll_rcc.h:4148:26:LL_RCC_IsActiveFlag_SFTRST	4	static
../../Drivers/STM32WBxx_HAL_Driver/Inc/stm32wbxx_ll_bus.h:744:22:LL_AHB3_GRP1_EnableClock	24	static
../../Drivers/STM32WBxx_HAL_Driver/Inc/stm32wbxx_ll_system.h:1513:26:LL_DBGMCU_GetDeviceID	4	static
../../Drivers/STM32WBxx_HAL_Driver/Inc/stm32wbxx_ll_system.h:1524:26:LL_DBGMCU_GetRevisionID	4	static
../../Drivers/STM32WBxx_HAL_Driver/Inc/stm32wbxx_ll_ipcc.h:312:22:LL_C1_IPCC_DisableTransmitChannel	16	static
../../Drivers/STM32WBxx_HAL_Driver/Inc/stm32wbxx_ll_ipcc.h:381:22:LL_C1_IPCC_DisableReceiveChannel	16	static
../../Drivers/STM32WBxx_HAL_Driver/Inc/stm32wbxx_ll_ipcc.h:450:22:LL_C2_IPCC_DisableTransmitChannel	16	static
../../Drivers/STM32WBxx_HAL_Driver/Inc/stm32wbxx_ll_ipcc.h:519:22:LL_C2_IPCC_DisableReceiveChannel	16	static
../../Drivers/STM32WBxx_HAL_Driver/Inc/stm32wbxx_ll_ipcc.h:574:22:LL_C1_IPCC_ClearFlag_CHx	16	static
../../Drivers/STM32WBxx_HAL_Driver/Inc/stm32wbxx_ll_ipcc.h:645:22:LL_C2_IPCC_ClearFlag_CHx	16	static
../../Drivers/STM32WBxx_HAL_Driver/Inc/stm32wbxx_ll_cortex.h:311:22:LL_LPM_EnableSleep	4	static
../../Drivers/STM32WBxx_HAL_Driver/Inc/stm32wbxx_ll_rtc.h:1012:22:LL_RTC_EnableWriteProtection	16	static
../../Drivers/STM32WBxx_HAL_Driver/Inc/stm32wbxx_ll_rtc.h:1023:22:LL_RTC_DisableWriteProtection	16	static
../../Drivers/STM32WBxx_HAL_Driver/Inc/stm32wbxx_ll_rtc.h:2927:22:LL_RTC_WAKEUP_SetClock	16	static
C:/Users/emecc/STM32Cube/Example/BLE_DataThroughput/Core/Src/app_entry.c:108:6:MX_APPE_Config	8	static
C:/Users/emecc/STM32Cube/Example/BLE_DataThroughput/Core/Src/app_entry.c:128:6:MX_APPE_Init	8	static
C:/Users/emecc/STM32Cube/Example/BLE_DataThroughput/Core/Src/app_entry.c:165:6:Init_Smps	4	static
C:/Users/emecc/STM32Cube/Example/BLE_DataThroughput/Core/Src/app_entry.c:183:6:Init_Exti	8	static
C:/Users/emecc/STM32Cube/Example/BLE_DataThroughput/Core/Src/app_entry.c:200:13:Reset_Device	8	static
C:/Users/emecc/STM32Cube/Example/BLE_DataThroughput/Core/Src/app_entry.c:212:13:Reset_BackupDomain	8	static
C:/Users/emecc/STM32Cube/Example/BLE_DataThroughput/Core/Src/app_entry.c:231:13:Reset_IPCC	8	static
C:/Users/emecc/STM32Cube/Example/BLE_DataThroughput/Core/Src/app_entry.c:269:13:Config_HSE	16	static
C:/Users/emecc/STM32Cube/Example/BLE_DataThroughput/Core/Src/app_entry.c:285:13:System_Init	8	static
C:/Users/emecc/STM32Cube/Example/BLE_DataThroughput/Core/Src/app_entry.c:296:13:Init_Rtc	8	static
C:/Users/emecc/STM32Cube/Example/BLE_DataThroughput/Core/Src/app_entry.c:317:13:SystemPower_Config	8	static
C:/Users/emecc/STM32Cube/Example/BLE_DataThroughput/Core/Src/app_entry.c:339:13:appe_Tl_Init	40	static
C:/Users/emecc/STM32Cube/Example/BLE_DataThroughput/Core/Src/app_entry.c:364:13:APPE_SysStatusNot	16	static
C:/Users/emecc/STM32Cube/Example/BLE_DataThroughput/Core/Src/app_entry.c:379:13:APPE_SysUserEvtRx	40	static
C:/Users/emecc/STM32Cube/Example/BLE_DataThroughput/Core/Src/app_entry.c:442:13:APPE_SysEvtError	24	static
C:/Users/emecc/STM32Cube/Example/BLE_DataThroughput/Core/Src/app_entry.c:464:13:APPE_SysEvtReadyProcessing	48	static
C:/Users/emecc/STM32Cube/Example/BLE_DataThroughput/Core/Src/app_entry.c:537:13:Led_Init	8	static
C:/Users/emecc/STM32Cube/Example/BLE_DataThroughput/Core/Src/app_entry.c:553:13:Button_Init	8	static
C:/Users/emecc/STM32Cube/Example/BLE_DataThroughput/Core/Src/app_entry.c:573:6:HAL_Delay	24	static,ignoring_inline_asm
C:/Users/emecc/STM32Cube/Example/BLE_DataThroughput/Core/Src/app_entry.c:602:6:MX_APPE_Process	8	static
C:/Users/emecc/STM32Cube/Example/BLE_DataThroughput/Core/Src/app_entry.c:613:6:UTIL_SEQ_Idle	4	static
C:/Users/emecc/STM32Cube/Example/BLE_DataThroughput/Core/Src/app_entry.c:628:6:UTIL_SEQ_EvtIdle	16	static
C:/Users/emecc/STM32Cube/Example/BLE_DataThroughput/Core/Src/app_entry.c:635:6:shci_notify_asynch_evt	16	static
C:/Users/emecc/STM32Cube/Example/BLE_DataThroughput/Core/Src/app_entry.c:641:6:shci_cmd_resp_release	16	static
C:/Users/emecc/STM32Cube/Example/BLE_DataThroughput/Core/Src/app_entry.c:647:6:shci_cmd_resp_wait	16	static
C:/Users/emecc/STM32Cube/Example/BLE_DataThroughput/Core/Src/app_entry.c:654:6:HAL_GPIO_EXTI_Callback	16	static
C:/Users/emecc/STM32Cube/Example/BLE_DataThroughput/Core/Src/app_entry.c:677:13:RxUART_Init	8	static
C:/Users/emecc/STM32Cube/Example/BLE_DataThroughput/Core/Src/app_entry.c:682:13:RxCpltCallback	8	static
C:/Users/emecc/STM32Cube/Example/BLE_DataThroughput/Core/Src/app_entry.c:707:13:UartCmdExecute	8	static
