../../Drivers/STM32WBxx_HAL_Driver/Inc/stm32wbxx_ll_rcc.h:1679:22:LL_RCC_LSE_SetDriveCapability	16	static
../../Drivers/STM32WBxx_HAL_Driver/Inc/stm32wbxx_ll_bus.h:364:22:LL_AHB1_GRP1_EnableClock	24	static
../../Drivers/STM32WBxx_HAL_Driver/Inc/stm32wbxx_ll_bus.h:539:22:LL_AHB2_GRP1_EnableClock	24	static
C:/Users/emecc/STM32Cube/Example/BLE_DataThroughput/Core/Src/main.c:97:13:WB_I2C_BusRecovery	32	static
C:/Users/emecc/STM32Cube/Example/BLE_DataThroughput/Core/Src/main.c:123:13:WB_BusProbe	32	static
C:/Users/emecc/STM32Cube/Example/BLE_DataThroughput/Core/Src/main.c:152:13:WB_BlinkSCL	32	static
C:/Users/emecc/STM32Cube/Example/BLE_DataThroughput/Core/Src/main.c:180:5:main	8	static
C:/Users/emecc/STM32Cube/Example/BLE_DataThroughput/Core/Src/main.c:241:6:SystemClock_Config	112	static
C:/Users/emecc/STM32Cube/Example/BLE_DataThroughput/Core/Src/main.c:289:13:I2C_SmokeTest	32	static
C:/Users/emecc/STM32Cube/Example/BLE_DataThroughput/Core/Src/main.c:308:6:PeriphCommonClock_Config	88	static
C:/Users/emecc/STM32Cube/Example/BLE_DataThroughput/Core/Src/main.c:327:13:MX_I2C1_Init	8	static
C:/Users/emecc/STM32Cube/Example/BLE_DataThroughput/Core/Src/main.c:374:13:MX_IPCC_Init	8	static
C:/Users/emecc/STM32Cube/Example/BLE_DataThroughput/Core/Src/main.c:400:6:MX_LPUART1_UART_Init	8	static
C:/Users/emecc/STM32Cube/Example/BLE_DataThroughput/Core/Src/main.c:448:6:MX_USART1_UART_Init	8	static
C:/Users/emecc/STM32Cube/Example/BLE_DataThroughput/Core/Src/main.c:496:13:MX_RF_Init	4	static
C:/Users/emecc/STM32Cube/Example/BLE_DataThroughput/Core/Src/main.c:517:13:MX_RNG_Init	8	static
C:/Users/emecc/STM32Cube/Example/BLE_DataThroughput/Core/Src/main.c:544:13:MX_RTC_Init	8	static
C:/Users/emecc/STM32Cube/Example/BLE_DataThroughput/Core/Src/main.c:585:13:MX_DMA_Init	8	static
C:/Users/emecc/STM32Cube/Example/BLE_DataThroughput/Core/Src/main.c:608:13:MX_GPIO_Init	8	static
C:/Users/emecc/STM32Cube/Example/BLE_DataThroughput/Core/Src/main.c:626:6:Error_Handler	4	static
