../Core/Src/eth_metrics.c:16:13:Metrics_JitterWindowPush	16	static
../Core/Src/eth_metrics.c:45:13:Metrics_LossWindowPush	16	static
../Core/Src/eth_metrics.c:73:13:Metrics_TimingWindowPush	16	static
../Core/Src/eth_metrics.c:101:6:Metrics_Reset	24	static
../Core/Src/eth_metrics.c:119:6:Metrics_OnFrameReceived	80	static
../Core/Src/eth_metrics.c:308:16:MetricsIntervalLooksNormal	24	static
../Core/Src/eth_metrics.c:323:10:Metrics_GetLossPercent	16	static
../Core/Src/eth_metrics.c:331:10:Metrics_GetJitterMs	16	static
../Core/Src/eth_metrics.c:339:10:Metrics_GetThroughputBps	16	static
../Core/Src/eth_metrics.c:347:10:MetricsGetTimingErrorMs	16	static
../Core/Src/eth_metrics.c:356:10:MetricsGetMissedIntervals	16	static
../Core/Src/eth_metrics.c:373:10:Metrics_CalcReliability	48	static
../Core/Src/eth_metrics.c:420:6:Metrics_ApplyToLink	32	static
../Core/Src/eth_metrics.c:498:9:Metrics_IsTimedOut	24	static
../Core/Src/eth_metrics.c:508:6:Metrics_Age	24	static
../Core/Src/eth_metrics.c:525:10:MetricsGetExpectedIntervalMs	16	static
../Core/Src/eth_metrics.c:534:10:MetricsGet_timing_error_ms	16	static
../Core/Src/eth_metrics.c:543:10:MetricsGetmissed_intervals	16	static
../Core/Src/eth_metrics.c:552:9:MetricsHasExpectedInterval	16	static
