15:57:34 **** Incremental Build of configuration Debug for project BTMaster ****
make -j12 all 
arm-none-eabi-gcc "../Core/Src/main.c" -mcpu=cortex-m7 -std=gnu11 -g3 -DDEBUG -DUSE_HAL_DRIVER -DSTM32F767xx -c -I../Core/Inc -I../Drivers/STM32F7xx_HAL_Driver/Inc -I../Drivers/STM32F7xx_HAL_Driver/Inc/Legacy -I../Drivers/CMSIS/Device/ST/STM32F7xx/Include -I../Drivers/CMSIS/Include -O0 -ffunction-sections -fdata-sections -Wall -fstack-usage -fcyclomatic-complexity -MMD -MP -MF"Core/Src/main.d" -MT"Core/Src/main.o" --specs=nano.specs -mfpu=fpv5-d16 -mfloat-abi=hard -mthumb -o "Core/Src/main.o"
arm-none-eabi-gcc -o "BTMaster.elf" @"objects.list"   -mcpu=cortex-m7 -T"C:\Users\emecc\STM32CubeIDE\STM3232-Communication-for-energetic-systems\BTMaster\STM32F767ZITX_FLASH.ld" --specs=nosys.specs -Wl,-Map="BTMaster.map" -Wl,--gc-sections -static --specs=nano.specs -mfpu=fpv5-d16 -mfloat-abi=hard -mthumb -Wl,--start-group -lc -lm -Wl,--end-group
Finished building target: BTMaster.elf
 
arm-none-eabi-size  BTMaster.elf 
arm-none-eabi-objdump -h -S BTMaster.elf  > "BTMaster.list"
   text	   data	    bss	    dec	    hex	filename
  15936	     12	   1844	  17792	   4580	BTMaster.elf
Finished building: default.size.stdout
 
Finished building: BTMaster.list
 

15:57:35 Build Finished. 0 errors, 0 warnings. (took 589ms)

