16:04:17 **** Incremental Build of configuration Debug for project BTSLave ****
make -j12 all 
arm-none-eabi-gcc "../Core/Src/main.c" -mcpu=cortex-m4 -std=gnu11 -g3 -DDEBUG -DUSE_HAL_DRIVER -DSTM32WB55xx -c -I../Core/Inc -I../Drivers/STM32WBxx_HAL_Driver/Inc -I../Drivers/STM32WBxx_HAL_Driver/Inc/Legacy -I../Drivers/CMSIS/Device/ST/STM32WBxx/Include -I../Drivers/CMSIS/Include -O0 -ffunction-sections -fdata-sections -Wall -fstack-usage -fcyclomatic-complexity -MMD -MP -MF"Core/Src/main.d" -MT"Core/Src/main.o" --specs=nano.specs -mfpu=fpv4-sp-d16 -mfloat-abi=hard -mthumb -o "Core/Src/main.o"
arm-none-eabi-gcc -o "BTSLave.elf" @"objects.list"   -mcpu=cortex-m4 -T"C:\Users\emecc\STM32CubeIDE\STM3232-Communication-for-energetic-systems\BTSLave\STM32WB55RGVX_FLASH.ld" --specs=nosys.specs -Wl,-Map="BTSLave.map" -Wl,--gc-sections -static --specs=nano.specs -mfpu=fpv4-sp-d16 -mfloat-abi=hard -mthumb -Wl,--start-group -lc -lm -Wl,--end-group
Finished building target: BTSLave.elf
 
arm-none-eabi-size  BTSLave.elf 
arm-none-eabi-objdump -h -S BTSLave.elf  > "BTSLave.list"
   text	   data	    bss	    dec	    hex	filename
  18388	     92	   2780	  21260	   530c	BTSLave.elf
Finished building: default.size.stdout
 
Finished building: BTSLave.list
 

16:04:18 Build Finished. 0 errors, 0 warnings. (took 594ms)

