11:59:00 **** Incremental Build of configuration Debug for project switching-algorithm ****
make -j12 all 
arm-none-eabi-gcc "../Core/Src/eth_metrics.c" -mcpu=cortex-m7 -std=gnu11 -g3 -DDEBUG -DUSE_HAL_DRIVER -DSTM32F767xx -c -I../Core/Inc -I../Drivers/STM32F7xx_HAL_Driver/Inc -I../Drivers/STM32F7xx_HAL_Driver/Inc/Legacy -I../Drivers/CMSIS/Device/ST/STM32F7xx/Include -I../Drivers/CMSIS/Include -I../LWIP/App -I../LWIP/Target -I../Middlewares/Third_Party/LwIP/src/include -I../Middlewares/Third_Party/LwIP/system -I../Drivers/BSP/Components/lan8742 -I../Middlewares/Third_Party/LwIP/src/include/netif/ppp -I../Middlewares/Third_Party/LwIP/src/include/lwip -I../Middlewares/Third_Party/LwIP/src/include/lwip/apps -I../Middlewares/Third_Party/LwIP/src/include/lwip/priv -I../Middlewares/Third_Party/LwIP/src/include/lwip/prot -I../Middlewares/Third_Party/LwIP/src/include/netif -I../Middlewares/Third_Party/LwIP/src/include/compat/posix -I../Middlewares/Third_Party/LwIP/src/include/compat/posix/arpa -I../Middlewares/Third_Party/LwIP/src/include/compat/posix/net -I../Middlewares/Third_Party/LwIP/src/include/compat/posix/sys -I../Middlewares/Third_Party/LwIP/src/include/compat/stdc -I../Middlewares/Third_Party/LwIP/system/arch -I../Middlewares/Third_Party/FreeRTOS/Source/include -I../Middlewares/Third_Party/FreeRTOS/Source/CMSIS_RTOS -I../Middlewares/Third_Party/FreeRTOS/Source/portable/GCC/ARM_CM7/r0p1 -O0 -ffunction-sections -fdata-sections -Wall -fstack-usage -fcyclomatic-complexity -MMD -MP -MF"Core/Src/eth_metrics.d" -MT"Core/Src/eth_metrics.o" --specs=nano.specs -mfpu=fpv5-d16 -mfloat-abi=hard -mthumb -o "Core/Src/eth_metrics.o"
../Core/Src/eth_metrics.c: In function 'Metrics_OnFrameReceived':
../Core/Src/eth_metrics.c:67:9: warning: implicit declaration of function 'printf' [-Wimplicit-function-declaration]
   67 |         printf("[DBG_RTT] seq=%lu has_ts=%u tx=%lu rx=%lu\n",
      |         ^~~~~~
../Core/Src/eth_metrics.c:3:1: note: include '<stdio.h>' or provide a declaration of 'printf'
    2 | #include <string.h>
  +++ |+#include <stdio.h>
    3 | 
../Core/Src/eth_metrics.c:67:9: warning: incompatible implicit declaration of built-in function 'printf' [-Wbuiltin-declaration-mismatch]
   67 |         printf("[DBG_RTT] seq=%lu has_ts=%u tx=%lu rx=%lu\n",
      |         ^~~~~~
../Core/Src/eth_metrics.c:67:9: note: include '<stdio.h>' or provide a declaration of 'printf'
../Core/Src/eth_metrics.c: At top level:
../Core/Src/eth_metrics.c:186:14: warning: 'App_LossPermilleToPercent' defined but not used [-Wunused-function]
  186 | static float App_LossPermilleToPercent(uint32_t loss_permille)
      |              ^~~~~~~~~~~~~~~~~~~~~~~~~
arm-none-eabi-gcc -o "switching-algorithm.elf" @"objects.list"   -mcpu=cortex-m7 -T"C:\Users\emecc\STM32CubeIDE\STM3232-Communication-for-energetic-systems\switching-algorithm\STM32F767ZITX_FLASH.ld" --specs=nosys.specs -Wl,-Map="switching-algorithm.map" -Wl,--gc-sections -static --specs=nano.specs -mfpu=fpv5-d16 -mfloat-abi=hard -mthumb -u _printf_float -Wl,--start-group -lc -lm -Wl,--end-group
Finished building target: switching-algorithm.elf
 
arm-none-eabi-size  switching-algorithm.elf 
arm-none-eabi-objdump -h -S switching-algorithm.elf  > "switching-algorithm.list"
   text	   data	    bss	    dec	    hex	filename
 118836	    828	  69572	 189236	  2e334	switching-algorithm.elf
Finished building: default.size.stdout
 
Finished building: switching-algorithm.list
 
11:59:04 **** Incremental Build of configuration Debug for project switching-algorithm ****
make -j12 all 
arm-none-eabi-size  switching-algorithm.elf 
   text	   data	    bss	    dec	    hex	filename
 118836	    828	  69572	 189236	  2e334	switching-algorithm.elf
Finished building: default.size.stdout
 
